======================================================================
  RENTAWARE - FULL INTEGRATION TEST
======================================================================
python : Traceback (most recent call last):
At line:1 char:1
+ python integration_test.py 2>&1 | Tee-Object -FilePath test_output.tx ...
+ ~~~~~~~~~~~~~~~~~~~~~~~~~~~~~~~
    + CategoryInfo          : NotSpecified: (Traceback (most recent call last) 
   ::String) [], RemoteException
    + FullyQualifiedErrorId : NativeCommandError
 
  File "C:\Users\Mounika\Desktop\RentAware\integration_test.py", line 15, in 
<module>
    print("\n1\ufe0f\u20e3  Testing Backend Connection...")
  File "C:\Users\Mounika\AppData\Local\Programs\Python\Python311\Lib\encodings\
cp1252.py", line 19, in encode
    return codecs.charmap_encode(input,self.errors,encoding_table)[0]
           ^^^^^^^^^^^^^^^^^^^^^^^^^^^^^^^^^^^^^^^^^^^^^^^^^^^^^^^
UnicodeEncodeError: 'charmap' codec can't encode characters in position 3-4: 
character maps to <undefined>
